// Jest Snapshot v1, https://goo.gl/fbAQLP

exports[`renders correctly to match snapshot 1`] = `"<div class=\\"text-center questions-container\\" data-testid=\\"container\\"><div class=\\"flex\\" id=\\"post-game-details-container\\"><h4 class=\\"inter\\">You got /5 questions right</h4><button class=\\"again-button\\">Play again</button></div><h4 class=\\"inter score\\">Score: 0</h4></div>"`;
